Component: ARM Compiler 6.16 Tool: armlink [5dfeaa00]

==============================================================================

Section Cross References

    sample.o(.ARM.exidx.text.main) refers to sample.o(.text.main) for [Anonymous Symbol]
    irq_timer.o(.ARM.exidx.text.TIMER0_IRQHandler) refers to irq_timer.o(.text.TIMER0_IRQHandler) for [Anonymous Symbol]
    irq_timer.o(.ARM.exidx.text.TIMER1_IRQHandler) refers to irq_timer.o(.text.TIMER1_IRQHandler) for [Anonymous Symbol]
    lib_timer.o(.ARM.exidx.text.enable_timer) refers to lib_timer.o(.text.enable_timer) for [Anonymous Symbol]
    lib_timer.o(.ARM.exidx.text.disable_timer) refers to lib_timer.o(.text.disable_timer) for [Anonymous Symbol]
    lib_timer.o(.ARM.exidx.text.reset_timer) refers to lib_timer.o(.text.reset_timer) for [Anonymous Symbol]
    lib_timer.o(.text.init_timer) refers to lib_timer.o(.text.__NVIC_EnableIRQ) for __NVIC_EnableIRQ
    lib_timer.o(.ARM.exidx.text.init_timer) refers to lib_timer.o(.text.init_timer) for [Anonymous Symbol]
    lib_timer.o(.ARM.exidx.text.__NVIC_EnableIRQ) refers to lib_timer.o(.text.__NVIC_EnableIRQ) for [Anonymous Symbol]
    startup_lpc17xx.o(STACK) refers (Special) to heapauxi.o(.text) for __use_two_region_memory
    startup_lpc17xx.o(HEAP) refers (Special) to heapauxi.o(.text) for __use_two_region_memory
    startup_lpc17xx.o(RESET) refers (Special) to heapauxi.o(.text) for __use_two_region_memory
    startup_lpc17xx.o(RESET) refers to startup_lpc17xx.o(STACK) for __initial_sp
    startup_lpc17xx.o(RESET) refers to startup_lpc17xx.o(.text) for Reset_Handler
    startup_lpc17xx.o(RESET) refers to irq_timer.o(.text.TIMER0_IRQHandler) for TIMER0_IRQHandler
    startup_lpc17xx.o(RESET) refers to irq_timer.o(.text.TIMER1_IRQHandler) for TIMER1_IRQHandler
    startup_lpc17xx.o(.ARM.__at_0x02FC) refers (Special) to heapauxi.o(.text) for __use_two_region_memory
    startup_lpc17xx.o(currentMap) refers (Special) to heapauxi.o(.text) for __use_two_region_memory
    startup_lpc17xx.o(initialMap) refers (Special) to heapauxi.o(.text) for __use_two_region_memory
    startup_lpc17xx.o(.text) refers (Special) to heapauxi.o(.text) for __use_two_region_memory
    startup_lpc17xx.o(.text) refers to startup_lpc17xx.o(initialMap) for initial_maze
    startup_lpc17xx.o(.text) refers to startup_lpc17xx.o(currentMap) for maze
    startup_lpc17xx.o(.text) refers to startup_lpc17xx.o(HEAP) for Heap_Mem
    startup_lpc17xx.o(.text) refers to startup_lpc17xx.o(STACK) for Stack_Mem
    system_lpc17xx.o(.text.SystemCoreClockUpdate) refers to lludivv7m.o(.text) for __aeabi_uldivmod
    system_lpc17xx.o(.text.SystemCoreClockUpdate) refers to system_lpc17xx.o(.data.SystemCoreClock) for SystemCoreClock
    system_lpc17xx.o(.ARM.exidx.text.SystemCoreClockUpdate) refers to system_lpc17xx.o(.text.SystemCoreClockUpdate) for [Anonymous Symbol]
    system_lpc17xx.o(.ARM.exidx.text.SystemInit) refers to system_lpc17xx.o(.text.SystemInit) for [Anonymous Symbol]
    __main.o(!!!main) refers to __rtentry.o(.ARM.Collect$$rtentry$$00000000) for __rt_entry
    __rtentry.o(.ARM.Collect$$rtentry$$00000000) refers (Special) to __rtentry2.o(.ARM.Collect$$rtentry$$0000000A) for __rt_entry_li
    __rtentry.o(.ARM.Collect$$rtentry$$00000000) refers (Special) to __rtentry2.o(.ARM.Collect$$rtentry$$0000000D) for __rt_entry_main
    __rtentry.o(.ARM.Collect$$rtentry$$00000000) refers (Special) to __rtentry2.o(.ARM.Collect$$rtentry$$0000000C) for __rt_entry_postli_1
    __rtentry.o(.ARM.Collect$$rtentry$$00000000) refers (Special) to __rtentry2.o(.ARM.Collect$$rtentry$$00000009) for __rt_entry_postsh_1
    __rtentry.o(.ARM.Collect$$rtentry$$00000000) refers (Special) to __rtentry2.o(.ARM.Collect$$rtentry$$00000002) for __rt_entry_presh_1
    __rtentry.o(.ARM.Collect$$rtentry$$00000000) refers (Special) to __rtentry4.o(.ARM.Collect$$rtentry$$00000004) for __rt_entry_sh
    aeabi_ldiv0_sigfpe.o(.text) refers to rt_div0.o(.text) for __rt_div0
    __rtentry2.o(.ARM.Collect$$rtentry$$00000008) refers to boardinit2.o(.text) for _platform_post_stackheap_init
    __rtentry2.o(.ARM.Collect$$rtentry$$0000000A) refers to libinit.o(.ARM.Collect$$libinit$$00000000) for __rt_lib_init
    __rtentry2.o(.ARM.Collect$$rtentry$$0000000B) refers to boardinit3.o(.text) for _platform_post_lib_init
    __rtentry2.o(.ARM.Collect$$rtentry$$0000000D) refers to sample.o(.text.main) for main
    __rtentry2.o(.ARM.Collect$$rtentry$$0000000D) refers to exit.o(.text) for exit
    __rtentry2.o(.ARM.exidx) refers to __rtentry2.o(.ARM.Collect$$rtentry$$00000001) for .ARM.Collect$$rtentry$$00000001
    __rtentry2.o(.ARM.exidx) refers to __rtentry2.o(.ARM.Collect$$rtentry$$00000008) for .ARM.Collect$$rtentry$$00000008
    __rtentry2.o(.ARM.exidx) refers to __rtentry2.o(.ARM.Collect$$rtentry$$0000000A) for .ARM.Collect$$rtentry$$0000000A
    __rtentry2.o(.ARM.exidx) refers to __rtentry2.o(.ARM.Collect$$rtentry$$0000000B) for .ARM.Collect$$rtentry$$0000000B
    __rtentry2.o(.ARM.exidx) refers to __rtentry2.o(.ARM.Collect$$rtentry$$0000000D) for .ARM.Collect$$rtentry$$0000000D
    __rtentry4.o(.ARM.Collect$$rtentry$$00000004) refers to sys_stackheap_outer.o(.text) for __user_setup_stackheap
    __rtentry4.o(.ARM.exidx) refers to __rtentry4.o(.ARM.Collect$$rtentry$$00000004) for .ARM.Collect$$rtentry$$00000004
    rt_div0.o(.text) refers to defsig_fpe_outer.o(.text) for __rt_SIGFPE
    sys_stackheap_outer.o(.text) refers to libspace.o(.text) for __user_perproc_libspace
    sys_stackheap_outer.o(.text) refers to startup_lpc17xx.o(.text) for __user_initial_stackheap
    exit.o(.text) refers to rtexit.o(.ARM.Collect$$rtexit$$00000000) for __rt_exit
    defsig_fpe_outer.o(.text) refers to defsig_fpe_inner.o(.text) for __rt_SIGFPE_inner
    defsig_fpe_outer.o(.text) refers to defsig_exit.o(.text) for __sig_exit
    defsig_fpe_formal.o(.text) refers to rt_raise.o(.text) for __rt_raise
    libinit.o(.ARM.Collect$$libinit$$00000000) refers (Special) to libinit2.o(.ARM.Collect$$libinit$$0000002E) for __rt_lib_init_alloca_1
    libinit.o(.ARM.Collect$$libinit$$00000000) refers (Special) to libinit2.o(.ARM.Collect$$libinit$$0000002C) for __rt_lib_init_argv_1
    libinit.o(.ARM.Collect$$libinit$$00000000) refers (Special) to libinit2.o(.ARM.Collect$$libinit$$0000001B) for __rt_lib_init_atexit_1
    libinit.o(.ARM.Collect$$libinit$$00000000) refers (Special) to libinit2.o(.ARM.Collect$$libinit$$00000021) for __rt_lib_init_clock_1
    libinit.o(.ARM.Collect$$libinit$$00000000) refers (Special) to libinit2.o(.ARM.Collect$$libinit$$00000032) for __rt_lib_init_cpp_1
    libinit.o(.ARM.Collect$$libinit$$00000000) refers (Special) to libinit2.o(.ARM.Collect$$libinit$$00000030) for __rt_lib_init_exceptions_1
    libinit.o(.ARM.Collect$$libinit$$00000000) refers (Special) to libinit2.o(.ARM.Collect$$libinit$$00000002) for __rt_lib_init_fp_1
    libinit.o(.ARM.Collect$$libinit$$00000000) refers (Special) to libinit2.o(.ARM.Collect$$libinit$$0000001F) for __rt_lib_init_fp_trap_1
    libinit.o(.ARM.Collect$$libinit$$00000000) refers (Special) to libinit2.o(.ARM.Collect$$libinit$$00000023) for __rt_lib_init_getenv_1
    libinit.o(.ARM.Collect$$libinit$$00000000) refers (Special) to libinit2.o(.ARM.Collect$$libinit$$0000000A) for __rt_lib_init_heap_1
    libinit.o(.ARM.Collect$$libinit$$00000000) refers (Special) to libinit2.o(.ARM.Collect$$libinit$$00000011) for __rt_lib_init_lc_collate_1
    libinit.o(.ARM.Collect$$libinit$$00000000) refers (Special) to libinit2.o(.ARM.Collect$$libinit$$00000013) for __rt_lib_init_lc_ctype_1
    libinit.o(.ARM.Collect$$libinit$$00000000) refers (Special) to libinit2.o(.ARM.Collect$$libinit$$00000015) for __rt_lib_init_lc_monetary_1
    libinit.o(.ARM.Collect$$libinit$$00000000) refers (Special) to libinit2.o(.ARM.Collect$$libinit$$00000017) for __rt_lib_init_lc_numeric_1
    libinit.o(.ARM.Collect$$libinit$$00000000) refers (Special) to libinit2.o(.ARM.Collect$$libinit$$00000019) for __rt_lib_init_lc_time_1
    libinit.o(.ARM.Collect$$libinit$$00000000) refers (Special) to libinit2.o(.ARM.Collect$$libinit$$00000004) for __rt_lib_init_preinit_1
    libinit.o(.ARM.Collect$$libinit$$00000000) refers (Special) to libinit2.o(.ARM.Collect$$libinit$$0000000E) for __rt_lib_init_rand_1
    libinit.o(.ARM.Collect$$libinit$$00000000) refers (Special) to libinit2.o(.ARM.Collect$$libinit$$00000033) for __rt_lib_init_return
    libinit.o(.ARM.Collect$$libinit$$00000000) refers (Special) to libinit2.o(.ARM.Collect$$libinit$$0000001D) for __rt_lib_init_signal_1
    libinit.o(.ARM.Collect$$libinit$$00000000) refers (Special) to libinit2.o(.ARM.Collect$$libinit$$00000025) for __rt_lib_init_stdio_1
    libinit.o(.ARM.Collect$$libinit$$00000000) refers (Special) to libinit2.o(.ARM.Collect$$libinit$$0000000C) for __rt_lib_init_user_alloc_1
    libspace.o(.text) refers to libspace.o(.bss) for __libspace_start
    rtexit.o(.ARM.Collect$$rtexit$$00000000) refers (Special) to rtexit2.o(.ARM.Collect$$rtexit$$00000004) for __rt_exit_exit
    rtexit.o(.ARM.Collect$$rtexit$$00000000) refers (Special) to rtexit2.o(.ARM.Collect$$rtexit$$00000003) for __rt_exit_ls
    rtexit.o(.ARM.Collect$$rtexit$$00000000) refers (Special) to rtexit2.o(.ARM.Collect$$rtexit$$00000002) for __rt_exit_prels_1
    rtexit.o(.ARM.exidx) refers (Special) to rtexit2.o(.ARM.Collect$$rtexit$$00000004) for __rt_exit_exit
    rtexit.o(.ARM.exidx) refers (Special) to rtexit2.o(.ARM.Collect$$rtexit$$00000003) for __rt_exit_ls
    rtexit.o(.ARM.exidx) refers (Special) to rtexit2.o(.ARM.Collect$$rtexit$$00000002) for __rt_exit_prels_1
    rtexit.o(.ARM.exidx) refers to rtexit.o(.ARM.Collect$$rtexit$$00000000) for .ARM.Collect$$rtexit$$00000000
    rt_raise.o(.text) refers to __raise.o(.text) for __raise
    rt_raise.o(.text) refers to sys_exit.o(.text) for _sys_exit
    defsig_exit.o(.text) refers to sys_exit.o(.text) for _sys_exit
    defsig_fpe_inner.o(.text) refers to defsig_general.o(.text) for __default_signal_display
    libinit2.o(.ARM.Collect$$libinit$$00000010) refers to libinit2.o(.ARM.Collect$$libinit$$0000000F) for .ARM.Collect$$libinit$$0000000F
    libinit2.o(.ARM.Collect$$libinit$$00000012) refers to libinit2.o(.ARM.Collect$$libinit$$0000000F) for .ARM.Collect$$libinit$$0000000F
    libinit2.o(.ARM.Collect$$libinit$$00000014) refers to libinit2.o(.ARM.Collect$$libinit$$0000000F) for .ARM.Collect$$libinit$$0000000F
    libinit2.o(.ARM.Collect$$libinit$$00000016) refers to libinit2.o(.ARM.Collect$$libinit$$0000000F) for .ARM.Collect$$libinit$$0000000F
    libinit2.o(.ARM.Collect$$libinit$$00000018) refers to libinit2.o(.ARM.Collect$$libinit$$0000000F) for .ARM.Collect$$libinit$$0000000F
    libinit2.o(.ARM.Collect$$libinit$$00000026) refers to argv_veneer.o(.emb_text) for __ARM_argv_veneer
    libinit2.o(.ARM.Collect$$libinit$$00000027) refers to argv_veneer.o(.emb_text) for __ARM_argv_veneer
    sys_exit.o(.text) refers (Special) to use_no_semi.o(.text) for __I$use$semihosting
    sys_exit.o(.text) refers (Special) to indicate_semi.o(.text) for __semihosting_library_function
    sys_exit_hlt.o(.text) refers (Special) to use_no_semi.o(.text) for __I$use$semihosting
    sys_exit_hlt.o(.text) refers (Special) to indicate_semi.o(.text) for __semihosting_library_function
    rtexit2.o(.ARM.Collect$$rtexit$$00000003) refers to libshutdown.o(.ARM.Collect$$libshutdown$$00000000) for __rt_lib_shutdown
    rtexit2.o(.ARM.Collect$$rtexit$$00000004) refers to sys_exit.o(.text) for _sys_exit
    rtexit2.o(.ARM.exidx) refers to rtexit2.o(.ARM.Collect$$rtexit$$00000001) for .ARM.Collect$$rtexit$$00000001
    rtexit2.o(.ARM.exidx) refers to rtexit2.o(.ARM.Collect$$rtexit$$00000003) for .ARM.Collect$$rtexit$$00000003
    rtexit2.o(.ARM.exidx) refers to rtexit2.o(.ARM.Collect$$rtexit$$00000004) for .ARM.Collect$$rtexit$$00000004
    __raise.o(.text) refers to defsig.o(CL$$defsig) for __default_signal_handler
    defsig_general.o(.text) refers to sys_wrch.o(.text) for _ttywrch
    argv_veneer.o(.emb_text) refers to no_argv.o(.text) for __ARM_get_argv
    sys_wrch.o(.text) refers (Special) to use_no_semi.o(.text) for __I$use$semihosting
    sys_wrch.o(.text) refers (Special) to indicate_semi.o(.text) for __semihosting_library_function
    sys_wrch_hlt.o(.text) refers (Special) to use_no_semi.o(.text) for __I$use$semihosting
    sys_wrch_hlt.o(.text) refers (Special) to indicate_semi.o(.text) for __semihosting_library_function
    defsig.o(CL$$defsig) refers to defsig_fpe_inner.o(.text) for __rt_SIGFPE_inner
    defsig.o(CL$$defsig) refers to defsig_rtmem_inner.o(.text) for __rt_SIGRTMEM_inner
    _get_argv_nomalloc.o(.text) refers (Special) to hrguard.o(.text) for __heap_region$guard
    _get_argv_nomalloc.o(.text) refers to defsig_rtmem_outer.o(.text) for __rt_SIGRTMEM
    _get_argv_nomalloc.o(.text) refers to sys_command.o(.text) for _sys_command_string
    libshutdown.o(.ARM.Collect$$libshutdown$$00000000) refers (Special) to libshutdown2.o(.ARM.Collect$$libshutdown$$00000002) for __rt_lib_shutdown_cpp_1
    libshutdown.o(.ARM.Collect$$libshutdown$$00000000) refers (Special) to libshutdown2.o(.ARM.Collect$$libshutdown$$00000007) for __rt_lib_shutdown_fp_trap_1
    libshutdown.o(.ARM.Collect$$libshutdown$$00000000) refers (Special) to libshutdown2.o(.ARM.Collect$$libshutdown$$0000000F) for __rt_lib_shutdown_heap_1
    libshutdown.o(.ARM.Collect$$libshutdown$$00000000) refers (Special) to libshutdown2.o(.ARM.Collect$$libshutdown$$00000010) for __rt_lib_shutdown_return
    libshutdown.o(.ARM.Collect$$libshutdown$$00000000) refers (Special) to libshutdown2.o(.ARM.Collect$$libshutdown$$0000000A) for __rt_lib_shutdown_signal_1
    libshutdown.o(.ARM.Collect$$libshutdown$$00000000) refers (Special) to libshutdown2.o(.ARM.Collect$$libshutdown$$00000004) for __rt_lib_shutdown_stdio_1
    libshutdown.o(.ARM.Collect$$libshutdown$$00000000) refers (Special) to libshutdown2.o(.ARM.Collect$$libshutdown$$0000000C) for __rt_lib_shutdown_user_alloc_1
    sys_command.o(.text) refers (Special) to use_no_semi.o(.text) for __I$use$semihosting
    sys_command.o(.text) refers (Special) to indicate_semi.o(.text) for __semihosting_library_function
    sys_command_hlt.o(.text) refers (Special) to use_no_semi.o(.text) for __I$use$semihosting
    sys_command_hlt.o(.text) refers (Special) to indicate_semi.o(.text) for __semihosting_library_function
    defsig_abrt_inner.o(.text) refers to defsig_general.o(.text) for __default_signal_display
    defsig_rtred_inner.o(.text) refers to defsig_general.o(.text) for __default_signal_display
    defsig_rtmem_inner.o(.text) refers to defsig_general.o(.text) for __default_signal_display
    defsig_rtmem_outer.o(.text) refers to defsig_rtmem_inner.o(.text) for __rt_SIGRTMEM_inner
    defsig_rtmem_outer.o(.text) refers to defsig_exit.o(.text) for __sig_exit
    defsig_rtmem_formal.o(.text) refers to rt_raise.o(.text) for __rt_raise
    defsig_stak_inner.o(.text) refers to defsig_general.o(.text) for __default_signal_display
    defsig_pvfn_inner.o(.text) refers to defsig_general.o(.text) for __default_signal_display
    defsig_cppl_inner.o(.text) refers to defsig_general.o(.text) for __default_signal_display
    defsig_segv_inner.o(.text) refers to defsig_general.o(.text) for __default_signal_display
    defsig_other.o(.text) refers to defsig_general.o(.text) for __default_signal_display


==============================================================================

Removing Unused input sections from the image.

    Removing sample.o(.text), (0 bytes).
    Removing sample.o(.ARM.exidx.text.main), (8 bytes).
    Removing sample.o(.ARM.use_no_argv), (4 bytes).
    Removing irq_timer.o(.text), (0 bytes).
    Removing irq_timer.o(.ARM.exidx.text.TIMER0_IRQHandler), (8 bytes).
    Removing irq_timer.o(.ARM.exidx.text.TIMER1_IRQHandler), (8 bytes).
    Removing lib_timer.o(.text), (0 bytes).
    Removing lib_timer.o(.text.enable_timer), (32 bytes).
    Removing lib_timer.o(.ARM.exidx.text.enable_timer), (8 bytes).
    Removing lib_timer.o(.text.disable_timer), (32 bytes).
    Removing lib_timer.o(.ARM.exidx.text.disable_timer), (8 bytes).
    Removing lib_timer.o(.text.reset_timer), (34 bytes).
    Removing lib_timer.o(.ARM.exidx.text.reset_timer), (8 bytes).
    Removing lib_timer.o(.text.init_timer), (54 bytes).
    Removing lib_timer.o(.ARM.exidx.text.init_timer), (8 bytes).
    Removing lib_timer.o(.text.__NVIC_EnableIRQ), (22 bytes).
    Removing lib_timer.o(.ARM.exidx.text.__NVIC_EnableIRQ), (8 bytes).
    Removing system_lpc17xx.o(.text), (0 bytes).
    Removing system_lpc17xx.o(.text.SystemCoreClockUpdate), (248 bytes).
    Removing system_lpc17xx.o(.ARM.exidx.text.SystemCoreClockUpdate), (8 bytes).
    Removing system_lpc17xx.o(.text.SystemInit), (204 bytes).
    Removing system_lpc17xx.o(.ARM.exidx.text.SystemInit), (8 bytes).
    Removing system_lpc17xx.o(.data.SystemCoreClock), (4 bytes).

23 unused section(s) (total 714 bytes) removed from the image.

==============================================================================

Image Symbol Table

    Local Symbols

    Symbol Name                              Value     Ov Type        Size  Object(Section)

    ../clib/angel/boardlib.s                 0x00000000   Number         0  boardinit1.o ABSOLUTE
    ../clib/angel/boardlib.s                 0x00000000   Number         0  boardinit2.o ABSOLUTE
    ../clib/angel/boardlib.s                 0x00000000   Number         0  boardinit3.o ABSOLUTE
    ../clib/angel/boardlib.s                 0x00000000   Number         0  boardshut.o ABSOLUTE
    ../clib/angel/handlers.s                 0x00000000   Number         0  __scatter_copy.o ABSOLUTE
    ../clib/angel/handlers.s                 0x00000000   Number         0  __scatter_zi.o ABSOLUTE
    ../clib/angel/kernel.s                   0x00000000   Number         0  __rtentry.o ABSOLUTE
    ../clib/angel/kernel.s                   0x00000000   Number         0  __rtentry2.o ABSOLUTE
    ../clib/angel/kernel.s                   0x00000000   Number         0  __rtentry4.o ABSOLUTE
    ../clib/angel/kernel.s                   0x00000000   Number         0  rtexit.o ABSOLUTE
    ../clib/angel/kernel.s                   0x00000000   Number         0  rtexit2.o ABSOLUTE
    ../clib/angel/rt.s                       0x00000000   Number         0  aeabi_ldiv0.o ABSOLUTE
    ../clib/angel/rt.s                       0x00000000   Number         0  aeabi_ldiv0_sigfpe.o ABSOLUTE
    ../clib/angel/rt.s                       0x00000000   Number         0  rt_div0.o ABSOLUTE
    ../clib/angel/rt.s                       0x00000000   Number         0  rt_raise.o ABSOLUTE
    ../clib/angel/scatter.s                  0x00000000   Number         0  __scatter.o ABSOLUTE
    ../clib/angel/startup.s                  0x00000000   Number         0  __main.o ABSOLUTE
    ../clib/angel/sys.s                      0x00000000   Number         0  sys_stackheap_outer.o ABSOLUTE
    ../clib/angel/sys.s                      0x00000000   Number         0  libspace.o ABSOLUTE
    ../clib/angel/sys.s                      0x00000000   Number         0  use_no_semi.o ABSOLUTE
    ../clib/angel/sys.s                      0x00000000   Number         0  indicate_semi.o ABSOLUTE
    ../clib/angel/sysapp.c                   0x00000000   Number         0  sys_exit.o ABSOLUTE
    ../clib/angel/sysapp.c                   0x00000000   Number         0  sys_exit_hlt.o ABSOLUTE
    ../clib/angel/sysapp.c                   0x00000000   Number         0  sys_wrch.o ABSOLUTE
    ../clib/angel/sysapp.c                   0x00000000   Number         0  sys_wrch_hlt.o ABSOLUTE
    ../clib/angel/sysapp.c                   0x00000000   Number         0  sys_command.o ABSOLUTE
    ../clib/angel/sysapp.c                   0x00000000   Number         0  sys_command_hlt.o ABSOLUTE
    ../clib/armsys.c                         0x00000000   Number         0  argv_veneer.o ABSOLUTE
    ../clib/armsys.c                         0x00000000   Number         0  argv_veneer.o ABSOLUTE
    ../clib/armsys.c                         0x00000000   Number         0  _get_argv_nomalloc.o ABSOLUTE
    ../clib/armsys.c                         0x00000000   Number         0  no_argv.o ABSOLUTE
    ../clib/heapalloc.c                      0x00000000   Number         0  hrguard.o ABSOLUTE
    ../clib/heapaux.c                        0x00000000   Number         0  heapauxi.o ABSOLUTE
    ../clib/libinit.s                        0x00000000   Number         0  libinit.o ABSOLUTE
    ../clib/libinit.s                        0x00000000   Number         0  libinit2.o ABSOLUTE
    ../clib/libinit.s                        0x00000000   Number         0  libshutdown.o ABSOLUTE
    ../clib/libinit.s                        0x00000000   Number         0  libshutdown2.o ABSOLUTE
    ../clib/longlong.s                       0x00000000   Number         0  lludivv7m.o ABSOLUTE
    ../clib/signal.c                         0x00000000   Number         0  defsig_fpe_outer.o ABSOLUTE
    ../clib/signal.c                         0x00000000   Number         0  defsig_fpe_formal.o ABSOLUTE
    ../clib/signal.c                         0x00000000   Number         0  defsig_exit.o ABSOLUTE
    ../clib/signal.c                         0x00000000   Number         0  defsig_fpe_inner.o ABSOLUTE
    ../clib/signal.c                         0x00000000   Number         0  __raise.o ABSOLUTE
    ../clib/signal.c                         0x00000000   Number         0  defsig_general.o ABSOLUTE
    ../clib/signal.c                         0x00000000   Number         0  defsig_abrt_inner.o ABSOLUTE
    ../clib/signal.c                         0x00000000   Number         0  defsig_rtred_inner.o ABSOLUTE
    ../clib/signal.c                         0x00000000   Number         0  defsig_rtmem_inner.o ABSOLUTE
    ../clib/signal.c                         0x00000000   Number         0  defsig_rtmem_outer.o ABSOLUTE
    ../clib/signal.c                         0x00000000   Number         0  defsig_rtmem_formal.o ABSOLUTE
    ../clib/signal.c                         0x00000000   Number         0  defsig_stak_inner.o ABSOLUTE
    ../clib/signal.c                         0x00000000   Number         0  defsig_pvfn_inner.o ABSOLUTE
    ../clib/signal.c                         0x00000000   Number         0  defsig_cppl_inner.o ABSOLUTE
    ../clib/signal.c                         0x00000000   Number         0  defsig_segv_inner.o ABSOLUTE
    ../clib/signal.c                         0x00000000   Number         0  defsig_other.o ABSOLUTE
    ../clib/signal.s                         0x00000000   Number         0  defsig.o ABSOLUTE
    ../clib/stdlib.c                         0x00000000   Number         0  exit.o ABSOLUTE
    ../fplib/fpinit.s                        0x00000000   Number         0  fpinit.o ABSOLUTE
    ../fplib/fpinit_empty.s                  0x00000000   Number         0  fpinit_empty.o ABSOLUTE
    IRQ_timer.c                              0x00000000   Number         0  irq_timer.o ABSOLUTE
    RTE/Device/LPC1768/startup_LPC17xx.s     0x00000000   Number         0  startup_lpc17xx.o ABSOLUTE
    dc.s                                     0x00000000   Number         0  dc.o ABSOLUTE
    lib_timer.c                              0x00000000   Number         0  lib_timer.o ABSOLUTE
    sample.c                                 0x00000000   Number         0  sample.o ABSOLUTE
    system_LPC17xx.c                         0x00000000   Number         0  system_lpc17xx.o ABSOLUTE
    RESET                                    0x00000000   Section      204  startup_lpc17xx.o(RESET)
    !!!main                                  0x000000cc   Section        8  __main.o(!!!main)
    !!!scatter                               0x000000d4   Section       52  __scatter.o(!!!scatter)
    !!handler_copy                           0x00000108   Section       26  __scatter_copy.o(!!handler_copy)
    !!handler_zi                             0x00000124   Section       28  __scatter_zi.o(!!handler_zi)
    .ARM.Collect$$libinit$$00000000          0x00000140   Section        2  libinit.o(.ARM.Collect$$libinit$$00000000)
    .ARM.Collect$$libinit$$00000002          0x00000142   Section        0  libinit2.o(.ARM.Collect$$libinit$$00000002)
    .ARM.Collect$$libinit$$00000004          0x00000142   Section        0  libinit2.o(.ARM.Collect$$libinit$$00000004)
    .ARM.Collect$$libinit$$0000000A          0x00000142   Section        0  libinit2.o(.ARM.Collect$$libinit$$0000000A)
    .ARM.Collect$$libinit$$0000000C          0x00000142   Section        0  libinit2.o(.ARM.Collect$$libinit$$0000000C)
    .ARM.Collect$$libinit$$0000000E          0x00000142   Section        0  libinit2.o(.ARM.Collect$$libinit$$0000000E)
    .ARM.Collect$$libinit$$00000011          0x00000142   Section        0  libinit2.o(.ARM.Collect$$libinit$$00000011)
    .ARM.Collect$$libinit$$00000013          0x00000142   Section        0  libinit2.o(.ARM.Collect$$libinit$$00000013)
    .ARM.Collect$$libinit$$00000015          0x00000142   Section        0  libinit2.o(.ARM.Collect$$libinit$$00000015)
    .ARM.Collect$$libinit$$00000017          0x00000142   Section        0  libinit2.o(.ARM.Collect$$libinit$$00000017)
    .ARM.Collect$$libinit$$00000019          0x00000142   Section        0  libinit2.o(.ARM.Collect$$libinit$$00000019)
    .ARM.Collect$$libinit$$0000001B          0x00000142   Section        0  libinit2.o(.ARM.Collect$$libinit$$0000001B)
    .ARM.Collect$$libinit$$0000001D          0x00000142   Section        0  libinit2.o(.ARM.Collect$$libinit$$0000001D)
    .ARM.Collect$$libinit$$0000001F          0x00000142   Section        0  libinit2.o(.ARM.Collect$$libinit$$0000001F)
    .ARM.Collect$$libinit$$00000021          0x00000142   Section        0  libinit2.o(.ARM.Collect$$libinit$$00000021)
    .ARM.Collect$$libinit$$00000023          0x00000142   Section        0  libinit2.o(.ARM.Collect$$libinit$$00000023)
    .ARM.Collect$$libinit$$00000025          0x00000142   Section        0  libinit2.o(.ARM.Collect$$libinit$$00000025)
    .ARM.Collect$$libinit$$0000002C          0x00000142   Section        0  libinit2.o(.ARM.Collect$$libinit$$0000002C)
    .ARM.Collect$$libinit$$0000002E          0x00000142   Section        0  libinit2.o(.ARM.Collect$$libinit$$0000002E)
    .ARM.Collect$$libinit$$00000030          0x00000142   Section        0  libinit2.o(.ARM.Collect$$libinit$$00000030)
    .ARM.Collect$$libinit$$00000032          0x00000142   Section        0  libinit2.o(.ARM.Collect$$libinit$$00000032)
    .ARM.Collect$$libinit$$00000033          0x00000142   Section        2  libinit2.o(.ARM.Collect$$libinit$$00000033)
    .ARM.Collect$$libshutdown$$00000000      0x00000144   Section        2  libshutdown.o(.ARM.Collect$$libshutdown$$00000000)
    .ARM.Collect$$libshutdown$$00000002      0x00000146   Section        0  libshutdown2.o(.ARM.Collect$$libshutdown$$00000002)
    .ARM.Collect$$libshutdown$$00000004      0x00000146   Section        0  libshutdown2.o(.ARM.Collect$$libshutdown$$00000004)
    .ARM.Collect$$libshutdown$$00000007      0x00000146   Section        0  libshutdown2.o(.ARM.Collect$$libshutdown$$00000007)
    .ARM.Collect$$libshutdown$$0000000A      0x00000146   Section        0  libshutdown2.o(.ARM.Collect$$libshutdown$$0000000A)
    .ARM.Collect$$libshutdown$$0000000C      0x00000146   Section        0  libshutdown2.o(.ARM.Collect$$libshutdown$$0000000C)
    .ARM.Collect$$libshutdown$$0000000F      0x00000146   Section        0  libshutdown2.o(.ARM.Collect$$libshutdown$$0000000F)
    .ARM.Collect$$libshutdown$$00000010      0x00000146   Section        2  libshutdown2.o(.ARM.Collect$$libshutdown$$00000010)
    .ARM.Collect$$rtentry$$00000000          0x00000148   Section        0  __rtentry.o(.ARM.Collect$$rtentry$$00000000)
    .ARM.Collect$$rtentry$$00000002          0x00000148   Section        0  __rtentry2.o(.ARM.Collect$$rtentry$$00000002)
    .ARM.Collect$$rtentry$$00000004          0x00000148   Section        6  __rtentry4.o(.ARM.Collect$$rtentry$$00000004)
    .ARM.Collect$$rtentry$$00000009          0x0000014e   Section        0  __rtentry2.o(.ARM.Collect$$rtentry$$00000009)
    .ARM.Collect$$rtentry$$0000000A          0x0000014e   Section        4  __rtentry2.o(.ARM.Collect$$rtentry$$0000000A)
    .ARM.Collect$$rtentry$$0000000C          0x00000152   Section        0  __rtentry2.o(.ARM.Collect$$rtentry$$0000000C)
    .ARM.Collect$$rtentry$$0000000D          0x00000152   Section        8  __rtentry2.o(.ARM.Collect$$rtentry$$0000000D)
    .ARM.Collect$$rtexit$$00000000           0x0000015a   Section        2  rtexit.o(.ARM.Collect$$rtexit$$00000000)
    .ARM.Collect$$rtexit$$00000002           0x0000015c   Section        0  rtexit2.o(.ARM.Collect$$rtexit$$00000002)
    .ARM.Collect$$rtexit$$00000003           0x0000015c   Section        4  rtexit2.o(.ARM.Collect$$rtexit$$00000003)
    .ARM.Collect$$rtexit$$00000004           0x00000160   Section        6  rtexit2.o(.ARM.Collect$$rtexit$$00000004)
    .text                                    0x00000166   Section        0  heapauxi.o(.text)
    .text                                    0x0000016c   Section       74  sys_stackheap_outer.o(.text)
    .text                                    0x000001b6   Section        0  exit.o(.text)
    .text                                    0x000001c8   Section        8  libspace.o(.text)
    .text                                    0x000001d0   Section        0  sys_exit.o(.text)
    .text                                    0x000001dc   Section        2  use_no_semi.o(.text)
    .text                                    0x000001de   Section        0  indicate_semi.o(.text)
    [Anonymous Symbol]                       0x000001e0   Section        0  irq_timer.o(.text.TIMER0_IRQHandler)
    [Anonymous Symbol]                       0x000001ec   Section        0  irq_timer.o(.text.TIMER1_IRQHandler)
    [Anonymous Symbol]                       0x000001fc   Section        0  sample.o(.text.main)
    initial_maze                             0x00000220   Data           5  startup_lpc17xx.o(initialMap)
    initialMap                               0x00000220   Section       30  startup_lpc17xx.o(initialMap)
    .ARM.__at_0x02FC                         0x000002fc   Section        4  startup_lpc17xx.o(.ARM.__at_0x02FC)
    .text                                    0x00000300   Section      596  startup_lpc17xx.o(.text)
    maze                                     0x10000000   Data          30  startup_lpc17xx.o(currentMap)
    currentMap                               0x10000000   Section       30  startup_lpc17xx.o(currentMap)
    .bss                                     0x10000020   Section       96  libspace.o(.bss)
    Heap_Mem                                 0x10000080   Data           0  startup_lpc17xx.o(HEAP)
    Stack_Mem                                0x10000080   Data         512  startup_lpc17xx.o(STACK)
    HEAP                                     0x10000080   Section        0  startup_lpc17xx.o(HEAP)
    STACK                                    0x10000080   Section      512  startup_lpc17xx.o(STACK)
    __initial_sp                             0x10000280   Data           0  startup_lpc17xx.o(STACK)

    Global Symbols

    Symbol Name                              Value     Ov Type        Size  Object(Section)

    BuildAttributes$$THM_ISAv4$P$D$K$B$S$PE$A:L22UL41UL21$X:L11$S22US41US21$IEEE1$IW$~IW$USESV6$~STKCKD$USESV7$~SHL$OTIME$ROPI$EBA8$UX$STANDARDLIB$REQ8$PRES8$EABIv2 0x00000000   Number         0  anon$$obj.o ABSOLUTE
    __Vectors                                0x00000000   Data           4  startup_lpc17xx.o(RESET)
    __fp_init_empty                          0x00000000   Number         0  fpinit_empty.o ABSOLUTE
    __ARM_exceptions_init                     - Undefined Weak Reference
    __alloca_initialize                       - Undefined Weak Reference
    __arm_preinit_                            - Undefined Weak Reference
    __cpp_initialize__aeabi_                  - Undefined Weak Reference
    __cxa_finalize                            - Undefined Weak Reference
    __rt_locale                               - Undefined Weak Reference
    __sigvec_lookup                           - Undefined Weak Reference
    _atexit_init                              - Undefined Weak Reference
    _call_atexit_fns                          - Undefined Weak Reference
    _clock_init                               - Undefined Weak Reference
    _fp_trap_init                             - Undefined Weak Reference
    _fp_trap_shutdown                         - Undefined Weak Reference
    _get_lc_collate                           - Undefined Weak Reference
    _get_lc_ctype                             - Undefined Weak Reference
    _get_lc_monetary                          - Undefined Weak Reference
    _get_lc_numeric                           - Undefined Weak Reference
    _get_lc_time                              - Undefined Weak Reference
    _getenv_init                              - Undefined Weak Reference
    _handle_redirection                       - Undefined Weak Reference
    _init_alloc                               - Undefined Weak Reference
    _init_user_alloc                          - Undefined Weak Reference
    _initio                                   - Undefined Weak Reference
    _rand_init                                - Undefined Weak Reference
    _signal_finish                            - Undefined Weak Reference
    _signal_init                              - Undefined Weak Reference
    _terminate_alloc                          - Undefined Weak Reference
    _terminate_user_alloc                     - Undefined Weak Reference
    _terminateio                              - Undefined Weak Reference
    __main                                   0x000000cd   Thumb Code     8  __main.o(!!!main)
    __scatterload                            0x000000d5   Thumb Code     0  __scatter.o(!!!scatter)
    __scatterload_rt2                        0x000000d5   Thumb Code    44  __scatter.o(!!!scatter)
    __scatterload_rt2_thumb_only             0x000000d5   Thumb Code     0  __scatter.o(!!!scatter)
    __scatterload_null                       0x000000e3   Thumb Code     0  __scatter.o(!!!scatter)
    __scatterload_copy                       0x00000109   Thumb Code    26  __scatter_copy.o(!!handler_copy)
    __scatterload_zeroinit                   0x00000125   Thumb Code    28  __scatter_zi.o(!!handler_zi)
    __rt_lib_init                            0x00000141   Thumb Code     0  libinit.o(.ARM.Collect$$libinit$$00000000)
    __rt_lib_init_alloca_1                   0x00000143   Thumb Code     0  libinit2.o(.ARM.Collect$$libinit$$0000002E)
    __rt_lib_init_argv_1                     0x00000143   Thumb Code     0  libinit2.o(.ARM.Collect$$libinit$$0000002C)
    __rt_lib_init_atexit_1                   0x00000143   Thumb Code     0  libinit2.o(.ARM.Collect$$libinit$$0000001B)
    __rt_lib_init_clock_1                    0x00000143   Thumb Code     0  libinit2.o(.ARM.Collect$$libinit$$00000021)
    __rt_lib_init_cpp_1                      0x00000143   Thumb Code     0  libinit2.o(.ARM.Collect$$libinit$$00000032)
    __rt_lib_init_exceptions_1               0x00000143   Thumb Code     0  libinit2.o(.ARM.Collect$$libinit$$00000030)
    __rt_lib_init_fp_1                       0x00000143   Thumb Code     0  libinit2.o(.ARM.Collect$$libinit$$00000002)
    __rt_lib_init_fp_trap_1                  0x00000143   Thumb Code     0  libinit2.o(.ARM.Collect$$libinit$$0000001F)
    __rt_lib_init_getenv_1                   0x00000143   Thumb Code     0  libinit2.o(.ARM.Collect$$libinit$$00000023)
    __rt_lib_init_heap_1                     0x00000143   Thumb Code     0  libinit2.o(.ARM.Collect$$libinit$$0000000A)
    __rt_lib_init_lc_collate_1               0x00000143   Thumb Code     0  libinit2.o(.ARM.Collect$$libinit$$00000011)
    __rt_lib_init_lc_ctype_1                 0x00000143   Thumb Code     0  libinit2.o(.ARM.Collect$$libinit$$00000013)
    __rt_lib_init_lc_monetary_1              0x00000143   Thumb Code     0  libinit2.o(.ARM.Collect$$libinit$$00000015)
    __rt_lib_init_lc_numeric_1               0x00000143   Thumb Code     0  libinit2.o(.ARM.Collect$$libinit$$00000017)
    __rt_lib_init_lc_time_1                  0x00000143   Thumb Code     0  libinit2.o(.ARM.Collect$$libinit$$00000019)
    __rt_lib_init_preinit_1                  0x00000143   Thumb Code     0  libinit2.o(.ARM.Collect$$libinit$$00000004)
    __rt_lib_init_rand_1                     0x00000143   Thumb Code     0  libinit2.o(.ARM.Collect$$libinit$$0000000E)
    __rt_lib_init_return                     0x00000143   Thumb Code     0  libinit2.o(.ARM.Collect$$libinit$$00000033)
    __rt_lib_init_signal_1                   0x00000143   Thumb Code     0  libinit2.o(.ARM.Collect$$libinit$$0000001D)
    __rt_lib_init_stdio_1                    0x00000143   Thumb Code     0  libinit2.o(.ARM.Collect$$libinit$$00000025)
    __rt_lib_init_user_alloc_1               0x00000143   Thumb Code     0  libinit2.o(.ARM.Collect$$libinit$$0000000C)
    __rt_lib_shutdown                        0x00000145   Thumb Code     0  libshutdown.o(.ARM.Collect$$libshutdown$$00000000)
    __rt_lib_shutdown_cpp_1                  0x00000147   Thumb Code     0  libshutdown2.o(.ARM.Collect$$libshutdown$$00000002)
    __rt_lib_shutdown_fp_trap_1              0x00000147   Thumb Code     0  libshutdown2.o(.ARM.Collect$$libshutdown$$00000007)
    __rt_lib_shutdown_heap_1                 0x00000147   Thumb Code     0  libshutdown2.o(.ARM.Collect$$libshutdown$$0000000F)
    __rt_lib_shutdown_return                 0x00000147   Thumb Code     0  libshutdown2.o(.ARM.Collect$$libshutdown$$00000010)
    __rt_lib_shutdown_signal_1               0x00000147   Thumb Code     0  libshutdown2.o(.ARM.Collect$$libshutdown$$0000000A)
    __rt_lib_shutdown_stdio_1                0x00000147   Thumb Code     0  libshutdown2.o(.ARM.Collect$$libshutdown$$00000004)
    __rt_lib_shutdown_user_alloc_1           0x00000147   Thumb Code     0  libshutdown2.o(.ARM.Collect$$libshutdown$$0000000C)
    __rt_entry                               0x00000149   Thumb Code     0  __rtentry.o(.ARM.Collect$$rtentry$$00000000)
    __rt_entry_presh_1                       0x00000149   Thumb Code     0  __rtentry2.o(.ARM.Collect$$rtentry$$00000002)
    __rt_entry_sh                            0x00000149   Thumb Code     0  __rtentry4.o(.ARM.Collect$$rtentry$$00000004)
    __rt_entry_li                            0x0000014f   Thumb Code     0  __rtentry2.o(.ARM.Collect$$rtentry$$0000000A)
    __rt_entry_postsh_1                      0x0000014f   Thumb Code     0  __rtentry2.o(.ARM.Collect$$rtentry$$00000009)
    __rt_entry_main                          0x00000153   Thumb Code     0  __rtentry2.o(.ARM.Collect$$rtentry$$0000000D)
    __rt_entry_postli_1                      0x00000153   Thumb Code     0  __rtentry2.o(.ARM.Collect$$rtentry$$0000000C)
    __rt_exit                                0x0000015b   Thumb Code     0  rtexit.o(.ARM.Collect$$rtexit$$00000000)
    __rt_exit_ls                             0x0000015d   Thumb Code     0  rtexit2.o(.ARM.Collect$$rtexit$$00000003)
    __rt_exit_prels_1                        0x0000015d   Thumb Code     0  rtexit2.o(.ARM.Collect$$rtexit$$00000002)
    __rt_exit_exit                           0x00000161   Thumb Code     0  rtexit2.o(.ARM.Collect$$rtexit$$00000004)
    __use_two_region_memory                  0x00000167   Thumb Code     2  heapauxi.o(.text)
    __rt_heap_escrow$2region                 0x00000169   Thumb Code     2  heapauxi.o(.text)
    __rt_heap_expand$2region                 0x0000016b   Thumb Code     2  heapauxi.o(.text)
    __user_setup_stackheap                   0x0000016d   Thumb Code    74  sys_stackheap_outer.o(.text)
    exit                                     0x000001b7   Thumb Code    18  exit.o(.text)
    __user_libspace                          0x000001c9   Thumb Code     8  libspace.o(.text)
    __user_perproc_libspace                  0x000001c9   Thumb Code     0  libspace.o(.text)
    __user_perthread_libspace                0x000001c9   Thumb Code     0  libspace.o(.text)
    _sys_exit                                0x000001d1   Thumb Code     8  sys_exit.o(.text)
    __I$use$semihosting                      0x000001dd   Thumb Code     0  use_no_semi.o(.text)
    __use_no_semihosting_swi                 0x000001dd   Thumb Code     2  use_no_semi.o(.text)
    __semihosting_library_function           0x000001df   Thumb Code     0  indicate_semi.o(.text)
    TIMER0_IRQHandler                        0x000001e1   Thumb Code    10  irq_timer.o(.text.TIMER0_IRQHandler)
    TIMER1_IRQHandler                        0x000001ed   Thumb Code    14  irq_timer.o(.text.TIMER1_IRQHandler)
    main                                     0x000001fd   Thumb Code     4  sample.o(.text.main)
    Region$$Table$$Base                      0x00000200   Number         0  anon$$obj.o(Region$$Table)
    Region$$Table$$Limit                     0x00000220   Number         0  anon$$obj.o(Region$$Table)
    Reset_Handler                            0x00000301   Thumb Code    80  startup_lpc17xx.o(.text)
    depthFirstSearch                         0x00000351   Thumb Code   280  startup_lpc17xx.o(.text)
    chooseNeighbor                           0x00000469   Thumb Code    54  startup_lpc17xx.o(.text)
    chooseRandomNeighbor                     0x0000049f   Thumb Code   118  startup_lpc17xx.o(.text)
    NMI_Handler                              0x00000515   Thumb Code     2  startup_lpc17xx.o(.text)
    HardFault_Handler                        0x00000517   Thumb Code     2  startup_lpc17xx.o(.text)
    MemManage_Handler                        0x00000519   Thumb Code     2  startup_lpc17xx.o(.text)
    BusFault_Handler                         0x0000051b   Thumb Code     2  startup_lpc17xx.o(.text)
    UsageFault_Handler                       0x0000051d   Thumb Code     2  startup_lpc17xx.o(.text)
    SVC_Handler                              0x0000051f   Thumb Code     2  startup_lpc17xx.o(.text)
    DebugMon_Handler                         0x00000521   Thumb Code     2  startup_lpc17xx.o(.text)
    PendSV_Handler                           0x00000523   Thumb Code     2  startup_lpc17xx.o(.text)
    SysTick_Handler                          0x00000525   Thumb Code     2  startup_lpc17xx.o(.text)
    ADC_IRQHandler                           0x00000527   Thumb Code     0  startup_lpc17xx.o(.text)
    BOD_IRQHandler                           0x00000527   Thumb Code     0  startup_lpc17xx.o(.text)
    CANActivity_IRQHandler                   0x00000527   Thumb Code     0  startup_lpc17xx.o(.text)
    CAN_IRQHandler                           0x00000527   Thumb Code     0  startup_lpc17xx.o(.text)
    DMA_IRQHandler                           0x00000527   Thumb Code     0  startup_lpc17xx.o(.text)
    EINT0_IRQHandler                         0x00000527   Thumb Code     0  startup_lpc17xx.o(.text)
    EINT1_IRQHandler                         0x00000527   Thumb Code     0  startup_lpc17xx.o(.text)
    EINT2_IRQHandler                         0x00000527   Thumb Code     0  startup_lpc17xx.o(.text)
    EINT3_IRQHandler                         0x00000527   Thumb Code     0  startup_lpc17xx.o(.text)
    ENET_IRQHandler                          0x00000527   Thumb Code     0  startup_lpc17xx.o(.text)
    I2C0_IRQHandler                          0x00000527   Thumb Code     0  startup_lpc17xx.o(.text)
    I2C1_IRQHandler                          0x00000527   Thumb Code     0  startup_lpc17xx.o(.text)
    I2C2_IRQHandler                          0x00000527   Thumb Code     0  startup_lpc17xx.o(.text)
    I2S_IRQHandler                           0x00000527   Thumb Code     0  startup_lpc17xx.o(.text)
    MCPWM_IRQHandler                         0x00000527   Thumb Code     0  startup_lpc17xx.o(.text)
    PLL0_IRQHandler                          0x00000527   Thumb Code     0  startup_lpc17xx.o(.text)
    PLL1_IRQHandler                          0x00000527   Thumb Code     0  startup_lpc17xx.o(.text)
    PWM1_IRQHandler                          0x00000527   Thumb Code     0  startup_lpc17xx.o(.text)
    QEI_IRQHandler                           0x00000527   Thumb Code     0  startup_lpc17xx.o(.text)
    RIT_IRQHandler                           0x00000527   Thumb Code     0  startup_lpc17xx.o(.text)
    RTC_IRQHandler                           0x00000527   Thumb Code     0  startup_lpc17xx.o(.text)
    SPI_IRQHandler                           0x00000527   Thumb Code     0  startup_lpc17xx.o(.text)
    SSP0_IRQHandler                          0x00000527   Thumb Code     0  startup_lpc17xx.o(.text)
    SSP1_IRQHandler                          0x00000527   Thumb Code     0  startup_lpc17xx.o(.text)
    TIMER2_IRQHandler                        0x00000527   Thumb Code     0  startup_lpc17xx.o(.text)
    TIMER3_IRQHandler                        0x00000527   Thumb Code     0  startup_lpc17xx.o(.text)
    UART0_IRQHandler                         0x00000527   Thumb Code     0  startup_lpc17xx.o(.text)
    UART1_IRQHandler                         0x00000527   Thumb Code     0  startup_lpc17xx.o(.text)
    UART2_IRQHandler                         0x00000527   Thumb Code     0  startup_lpc17xx.o(.text)
    UART3_IRQHandler                         0x00000527   Thumb Code     0  startup_lpc17xx.o(.text)
    USBActivity_IRQHandler                   0x00000527   Thumb Code     0  startup_lpc17xx.o(.text)
    USB_IRQHandler                           0x00000527   Thumb Code     0  startup_lpc17xx.o(.text)
    WDT_IRQHandler                           0x00000527   Thumb Code     0  startup_lpc17xx.o(.text)
    __user_initial_stackheap                 0x00000529   Thumb Code     0  startup_lpc17xx.o(.text)
    __libspace_start                         0x10000020   Data          96  libspace.o(.bss)
    __temporary_stack_top$libspace           0x10000080   Data           0  libspace.o(.bss)



==============================================================================

Memory Map of the image

  Image Entry point : 0x00000301

  Load Region LR_1 (Base: 0x00000000, Size: 0x00000574, Max: 0xffffffff, ABSOLUTE)

    Execution Region ER_RO (Exec base: 0x00000000, Load base: 0x00000000, Size: 0x00000554, Max: 0xffffffff, ABSOLUTE)

    Exec Addr    Load Addr    Size         Type   Attr      Idx    E Section Name        Object

    0x00000000   0x00000000   0x000000cc   Data   RO           41    RESET               startup_lpc17xx.o
    0x000000cc   0x000000cc   0x00000008   Code   RO           71  * !!!main             c_w.l(__main.o)
    0x000000d4   0x000000d4   0x00000034   Code   RO          244    !!!scatter          c_w.l(__scatter.o)
    0x00000108   0x00000108   0x0000001a   Code   RO          246    !!handler_copy      c_w.l(__scatter_copy.o)
    0x00000122   0x00000122   0x00000002   PAD
    0x00000124   0x00000124   0x0000001c   Code   RO          248    !!handler_zi        c_w.l(__scatter_zi.o)
    0x00000140   0x00000140   0x00000002   Code   RO          108    .ARM.Collect$$libinit$$00000000  c_w.l(libinit.o)
    0x00000142   0x00000142   0x00000000   Code   RO          121    .ARM.Collect$$libinit$$00000002  c_w.l(libinit2.o)
    0x00000142   0x00000142   0x00000000   Code   RO          123    .ARM.Collect$$libinit$$00000004  c_w.l(libinit2.o)
    0x00000142   0x00000142   0x00000000   Code   RO          126    .ARM.Collect$$libinit$$0000000A  c_w.l(libinit2.o)
    0x00000142   0x00000142   0x00000000   Code   RO          128    .ARM.Collect$$libinit$$0000000C  c_w.l(libinit2.o)
    0x00000142   0x00000142   0x00000000   Code   RO          130    .ARM.Collect$$libinit$$0000000E  c_w.l(libinit2.o)
    0x00000142   0x00000142   0x00000000   Code   RO          133    .ARM.Collect$$libinit$$00000011  c_w.l(libinit2.o)
    0x00000142   0x00000142   0x00000000   Code   RO          135    .ARM.Collect$$libinit$$00000013  c_w.l(libinit2.o)
    0x00000142   0x00000142   0x00000000   Code   RO          137    .ARM.Collect$$libinit$$00000015  c_w.l(libinit2.o)
    0x00000142   0x00000142   0x00000000   Code   RO          139    .ARM.Collect$$libinit$$00000017  c_w.l(libinit2.o)
    0x00000142   0x00000142   0x00000000   Code   RO          141    .ARM.Collect$$libinit$$00000019  c_w.l(libinit2.o)
    0x00000142   0x00000142   0x00000000   Code   RO          143    .ARM.Collect$$libinit$$0000001B  c_w.l(libinit2.o)
    0x00000142   0x00000142   0x00000000   Code   RO          145    .ARM.Collect$$libinit$$0000001D  c_w.l(libinit2.o)
    0x00000142   0x00000142   0x00000000   Code   RO          147    .ARM.Collect$$libinit$$0000001F  c_w.l(libinit2.o)
    0x00000142   0x00000142   0x00000000   Code   RO          149    .ARM.Collect$$libinit$$00000021  c_w.l(libinit2.o)
    0x00000142   0x00000142   0x00000000   Code   RO          151    .ARM.Collect$$libinit$$00000023  c_w.l(libinit2.o)
    0x00000142   0x00000142   0x00000000   Code   RO          153    .ARM.Collect$$libinit$$00000025  c_w.l(libinit2.o)
    0x00000142   0x00000142   0x00000000   Code   RO          157    .ARM.Collect$$libinit$$0000002C  c_w.l(libinit2.o)
    0x00000142   0x00000142   0x00000000   Code   RO          159    .ARM.Collect$$libinit$$0000002E  c_w.l(libinit2.o)
    0x00000142   0x00000142   0x00000000   Code   RO          161    .ARM.Collect$$libinit$$00000030  c_w.l(libinit2.o)
    0x00000142   0x00000142   0x00000000   Code   RO          163    .ARM.Collect$$libinit$$00000032  c_w.l(libinit2.o)
    0x00000142   0x00000142   0x00000002   Code   RO          164    .ARM.Collect$$libinit$$00000033  c_w.l(libinit2.o)
    0x00000144   0x00000144   0x00000002   Code   RO          199    .ARM.Collect$$libshutdown$$00000000  c_w.l(libshutdown.o)
    0x00000146   0x00000146   0x00000000   Code   RO          227    .ARM.Collect$$libshutdown$$00000002  c_w.l(libshutdown2.o)
    0x00000146   0x00000146   0x00000000   Code   RO          229    .ARM.Collect$$libshutdown$$00000004  c_w.l(libshutdown2.o)
    0x00000146   0x00000146   0x00000000   Code   RO          232    .ARM.Collect$$libshutdown$$00000007  c_w.l(libshutdown2.o)
    0x00000146   0x00000146   0x00000000   Code   RO          235    .ARM.Collect$$libshutdown$$0000000A  c_w.l(libshutdown2.o)
    0x00000146   0x00000146   0x00000000   Code   RO          237    .ARM.Collect$$libshutdown$$0000000C  c_w.l(libshutdown2.o)
    0x00000146   0x00000146   0x00000000   Code   RO          240    .ARM.Collect$$libshutdown$$0000000F  c_w.l(libshutdown2.o)
    0x00000146   0x00000146   0x00000002   Code   RO          241    .ARM.Collect$$libshutdown$$00000010  c_w.l(libshutdown2.o)
    0x00000148   0x00000148   0x00000000   Code   RO           73    .ARM.Collect$$rtentry$$00000000  c_w.l(__rtentry.o)
    0x00000148   0x00000148   0x00000000   Code   RO           79    .ARM.Collect$$rtentry$$00000002  c_w.l(__rtentry2.o)
    0x00000148   0x00000148   0x00000006   Code   RO           91    .ARM.Collect$$rtentry$$00000004  c_w.l(__rtentry4.o)
    0x0000014e   0x0000014e   0x00000000   Code   RO           81    .ARM.Collect$$rtentry$$00000009  c_w.l(__rtentry2.o)
    0x0000014e   0x0000014e   0x00000004   Code   RO           82    .ARM.Collect$$rtentry$$0000000A  c_w.l(__rtentry2.o)
    0x00000152   0x00000152   0x00000000   Code   RO           84    .ARM.Collect$$rtentry$$0000000C  c_w.l(__rtentry2.o)
    0x00000152   0x00000152   0x00000008   Code   RO           85    .ARM.Collect$$rtentry$$0000000D  c_w.l(__rtentry2.o)
    0x0000015a   0x0000015a   0x00000002   Code   RO          112    .ARM.Collect$$rtexit$$00000000  c_w.l(rtexit.o)
    0x0000015c   0x0000015c   0x00000000   Code   RO          170    .ARM.Collect$$rtexit$$00000002  c_w.l(rtexit2.o)
    0x0000015c   0x0000015c   0x00000004   Code   RO          171    .ARM.Collect$$rtexit$$00000003  c_w.l(rtexit2.o)
    0x00000160   0x00000160   0x00000006   Code   RO          172    .ARM.Collect$$rtexit$$00000004  c_w.l(rtexit2.o)
    0x00000166   0x00000166   0x00000006   Code   RO           69    .text               c_w.l(heapauxi.o)
    0x0000016c   0x0000016c   0x0000004a   Code   RO           95    .text               c_w.l(sys_stackheap_outer.o)
    0x000001b6   0x000001b6   0x00000012   Code   RO           97    .text               c_w.l(exit.o)
    0x000001c8   0x000001c8   0x00000008   Code   RO          109    .text               c_w.l(libspace.o)
    0x000001d0   0x000001d0   0x0000000c   Code   RO          165    .text               c_w.l(sys_exit.o)
    0x000001dc   0x000001dc   0x00000002   Code   RO          188    .text               c_w.l(use_no_semi.o)
    0x000001de   0x000001de   0x00000000   Code   RO          190    .text               c_w.l(indicate_semi.o)
    0x000001de   0x000001de   0x00000002   PAD
    0x000001e0   0x000001e0   0x0000000a   Code   RO           11    .text.TIMER0_IRQHandler  irq_timer.o
    0x000001ea   0x000001ea   0x00000002   PAD
    0x000001ec   0x000001ec   0x0000000e   Code   RO           13    .text.TIMER1_IRQHandler  irq_timer.o
    0x000001fa   0x000001fa   0x00000002   PAD
    0x000001fc   0x000001fc   0x00000004   Code   RO            2    .text.main          sample.o
    0x00000200   0x00000200   0x00000020   Data   RO          243    Region$$Table       anon$$obj.o
    0x00000220   0x00000220   0x0000001e   Data   RO           44    initialMap          startup_lpc17xx.o
    0x0000023e   0x0000023e   0x000000be   PAD
    0x000002fc   0x000002fc   0x00000004   Code   RO           42    .ARM.__at_0x02FC    startup_lpc17xx.o
    0x00000300   0x00000300   0x00000254   Code   RO           45  * .text               startup_lpc17xx.o


    Execution Region ER_RW (Exec base: 0x10000000, Load base: 0x00000554, Size: 0x00000020, Max: 0xffffffff, ABSOLUTE)

    Exec Addr    Load Addr    Size         Type   Attr      Idx    E Section Name        Object

    0x10000000   0x00000554   0x0000001e   Data   RW           43    currentMap          startup_lpc17xx.o


    Execution Region ER_ZI (Exec base: 0x10000020, Load base: 0x00000574, Size: 0x00000260, Max: 0xffffffff, ABSOLUTE)

    Exec Addr    Load Addr    Size         Type   Attr      Idx    E Section Name        Object

    0x10000020        -       0x00000060   Zero   RW          110    .bss                c_w.l(libspace.o)
    0x10000080        -       0x00000000   Zero   RW           40    HEAP                startup_lpc17xx.o
    0x10000080        -       0x00000200   Zero   RW           39    STACK               startup_lpc17xx.o


==============================================================================

Image component sizes


      Code (inc. data)   RO Data    RW Data    ZI Data      Debug   Object Name

        24          0          0          0          0       1190   irq_timer.o
         4          0          0          0          0        416   sample.o
       600         38        234         30        512       1452   startup_lpc17xx.o

    ----------------------------------------------------------------------
       632         38        456         32        512       3058   Object Totals
         0          0         32          0          0          0   (incl. Generated)
         4          0        190          2          0          0   (incl. Padding)

    ----------------------------------------------------------------------

      Code (inc. data)   RO Data    RW Data    ZI Data      Debug   Library Member Name

         8          0          0          0          0         68   __main.o
         0          0          0          0          0          0   __rtentry.o
        12          0          0          0          0          0   __rtentry2.o
         6          0          0          0          0          0   __rtentry4.o
        52          8          0          0          0          0   __scatter.o
        26          0          0          0          0          0   __scatter_copy.o
        28          0          0          0          0          0   __scatter_zi.o
        18          0          0          0          0         80   exit.o
         6          0          0          0          0        152   heapauxi.o
         0          0          0          0          0          0   indicate_semi.o
         2          0          0          0          0          0   libinit.o
         2          0          0          0          0          0   libinit2.o
         2          0          0          0          0          0   libshutdown.o
         2          0          0          0          0          0   libshutdown2.o
         8          4          0          0         96         68   libspace.o
         2          0          0          0          0          0   rtexit.o
        10          0          0          0          0          0   rtexit2.o
        12          4          0          0          0         68   sys_exit.o
        74          0          0          0          0         80   sys_stackheap_outer.o
         2          0          0          0          0         68   use_no_semi.o

    ----------------------------------------------------------------------
       276         16          0          0         96        584   Library Totals
         4          0          0          0          0          0   (incl. Padding)

    ----------------------------------------------------------------------

      Code (inc. data)   RO Data    RW Data    ZI Data      Debug   Library Name

       272         16          0          0         96        584   c_w.l

    ----------------------------------------------------------------------
       276         16          0          0         96        584   Library Totals

    ----------------------------------------------------------------------

==============================================================================


      Code (inc. data)   RO Data    RW Data    ZI Data      Debug   

       908         54        456         32        608       3514   Grand Totals
       908         54        456         32        608       3514   ELF Image Totals
       908         54        456         32          0          0   ROM Totals

==============================================================================

    Total RO  Size (Code + RO Data)                 1364 (   1.33kB)
    Total RW  Size (RW Data + ZI Data)               640 (   0.63kB)
    Total ROM Size (Code + RO Data + RW Data)       1396 (   1.36kB)

==============================================================================

